// Jest Snapshot v1, https://goo.gl/fbAQLP

exports[`matches snapshot 1`] = `
<DocumentFragment>
  <div>
    <h2>
      Tâches terminées
    </h2>
    <ul>
      <li>
        Task 1
      </li>
      <li>
        Task 2
      </li>
    </ul>
  </div>
</DocumentFragment>
`;
